// Jest Snapshot v1, https://goo.gl/fbAQLP

exports[`Hash match snapshot 1`] = `"e37489641838fabc8a516f349c5d64c5a1cdb31998fc0800b8e2de326a7b4a9d"`;

exports[`Hash match snapshot 2`] = `"3e6c7cc437327b0b613d30a916834884606f9d2ad7157925e0bd572a145e6ee6"`;
